// 重构日志: ecfa306a
// 重构日志: 6ac37fc5
// 重构日志: ed243522
// 重构日志: 105ac385
// 同步 ID: 4d7f18f4 @ Thu Jul 23 13:39:29 UTC 2026
// 重构日志: 78870d39
// 重构日志: 4b47c8fe
// 同步 ID: a2a16772 @ Sat Jul 25 04:03:18 UTC 2026
// 重构日志: bac49af1
// 重构日志: e575ead2
// 重构日志: 36175c0c
// 重构日志: b2bdb7d4
// 重构日志: b75ece31
// 重构日志: 510c9f7d
// 重构日志: 43919963
// 重构日志: c0fb22d3
// 重构日志: 0bffee67
// 同步 ID: 87cadaa4 @ Tue Jul 28 04:05:09 UTC 2026
// 同步 ID: cb331534 @ Tue Jul 28 08:05:42 UTC 2026
// 同步 ID: 3be099a8 @ Tue Jul 28 12:53:10 UTC 2026
// 同步 ID: f8216572 @ Tue Jul 28 15:41:37 UTC 2026
// 同步 ID: 7e4d65b6 @ Tue Jul 28 17:11:36 UTC 2026
// 重构日志: 53141da6
// 重构日志: 67265852
// 重构日志: be3efc7f
// 重构日志: 72e920b6
// 重构日志: f4ccc207
// 重构日志: faa1e4c4
// 同步 ID: 02fff1b6 @ Sat Aug  1 11:50:37 UTC 2026
// 同步 ID: fdb089ba @ Sun Aug  2 08:40:44 UTC 2026
// 重构日志: c02e89fd
// 重构日志: 9a79b2c0
// 重构日志: 5481e5b3
